// Jest Snapshot v1, https://goo.gl/fbAQLP

exports[`SectionHero matches snapshot 1`] = `
<div
  className=""
>
  <div>
    <h1>
      <span>
        SectionHero.title
      </span>
    </h1>
    <h2>
      <span>
        SectionHero.subTitle
      </span>
    </h2>
    <a
      className=""
      href="/s?address=Vietnam&bounds=23.3933959990403%2C109.574427985676%2C8.27794300520082%2C102.143312002055"
      onClick={[Function]}
      style={Object {}}
      title={null}
    >
      <span>
        SectionHero.browseButton
      </span>
    </a>
  </div>
</div>
`;
